--------------------------------------------------------------------------------
      name:  <unnamed>
       log:  /Users/shaymilner/Documents/Spring 2022/SOC4981/work/00logs/gric-do
> 04-suppl.log
  log type:  text
 opened on:  17 Mar 2022, 17:19:18

.  
. //  setup
.  
.  version 16.1

.  set linesize 80

.  clear all

.  macro drop _all

.  set matsize 100, perm
(set matsize preference recorded)
set matsize ignored.
    Matrix sizes are no longer limited by c(matsize) in modern Statas.  Matrix
    sizes are now limited by flavor of Stata.  See limits for more details.

. 
.  
.  local pgm   gric-do04-suppl.do

.  
. // Created 
.  local dte   2022-02-03

.  local who   chanteria milner

.  local tag   "`pgm'.do `who' `dte'"

.  
. 
. // Modified
.  local dte      2022-03-13

.  local who      chanteria milner

.  
.  di "`tag'"
gric-do04-suppl.do.do chanteria milner 2022-02-03

. 
. 
. ****************************************************************
. //  import data
. ****************************************************************
. 
.  use "_data/gric-do03-graphs.dta", clear

.  
. 
end of do-file

. do "/var/folders/k_/7gvbhq_s1mb10jgw8rq8w4t00000gn/T//SD01798.000000"

.  ttest c_scale, by(vig_ses)

Two-sample t test with equal variances
------------------------------------------------------------------------------
   Group |     Obs        Mean    Std. Err.   Std. Dev.   [95% Conf. Interval]
---------+--------------------------------------------------------------------
high-SES |     348    7.498084    .0829445     1.54731    7.334947    7.661222
 low-SES |     347     5.40586    .0970565    1.807963    5.214965    5.596755
---------+--------------------------------------------------------------------
combined |     695    6.453477    .0751274    1.980572    6.305973    6.600981
---------+--------------------------------------------------------------------
    diff |            2.092225    .1276421                1.841613    2.342836
------------------------------------------------------------------------------
    diff = mean(high-SES) - mean(low-SES)                         t =  16.3913
Ho: diff = 0                                     degrees of freedom =      693

    Ha: diff < 0                 Ha: diff != 0                 Ha: diff > 0
 Pr(T < t) = 1.0000         Pr(|T| > |t|) = 0.0000          Pr(T > t) = 0.0000

. 
end of do-file

. do "/var/folders/k_/7gvbhq_s1mb10jgw8rq8w4t00000gn/T//SD01798.000000"

.  ttest w_scale, by(vig_ses)

Two-sample t test with equal variances
------------------------------------------------------------------------------
   Group |     Obs        Mean    Std. Err.   Std. Dev.   [95% Conf. Interval]
---------+--------------------------------------------------------------------
high-SES |     348     7.09387    .0828691    1.545904    6.930881    7.256859
 low-SES |     347    6.246398    .0870952    1.622403    6.075095      6.4177
---------+--------------------------------------------------------------------
combined |     695    6.670743    .0621789    1.639214    6.548662    6.792825
---------+--------------------------------------------------------------------
    diff |             .847472    .1202117                .6114492    1.083495
------------------------------------------------------------------------------
    diff = mean(high-SES) - mean(low-SES)                         t =   7.0498
Ho: diff = 0                                     degrees of freedom =      693

    Ha: diff < 0                 Ha: diff != 0                 Ha: diff > 0
 Pr(T < t) = 1.0000         Pr(|T| > |t|) = 0.0000          Pr(T > t) = 0.0000

. 
end of do-file

. do "/var/folders/k_/7gvbhq_s1mb10jgw8rq8w4t00000gn/T//SD01798.000000"

.  ttest c_scale, by(vig_ses)

Two-sample t test with equal variances
------------------------------------------------------------------------------
   Group |     Obs        Mean    Std. Err.   Std. Dev.   [95% Conf. Interval]
---------+--------------------------------------------------------------------
high-SES |     348    7.498084    .0829445     1.54731    7.334947    7.661222
 low-SES |     347     5.40586    .0970565    1.807963    5.214965    5.596755
---------+--------------------------------------------------------------------
combined |     695    6.453477    .0751274    1.980572    6.305973    6.600981
---------+--------------------------------------------------------------------
    diff |            2.092225    .1276421                1.841613    2.342836
------------------------------------------------------------------------------
    diff = mean(high-SES) - mean(low-SES)                         t =  16.3913
Ho: diff = 0                                     degrees of freedom =      693

    Ha: diff < 0                 Ha: diff != 0                 Ha: diff > 0
 Pr(T < t) = 1.0000         Pr(|T| > |t|) = 0.0000          Pr(T > t) = 0.0000

. 
end of do-file

. do "/var/folders/k_/7gvbhq_s1mb10jgw8rq8w4t00000gn/T//SD01798.000000"

.  ttest up_lifequal_now, by(vig_ses)

Two-sample t test with equal variances
------------------------------------------------------------------------------
   Group |     Obs        Mean    Std. Err.   Std. Dev.   [95% Conf. Interval]
---------+--------------------------------------------------------------------
high-SES |     348    7.255747    .0779766    1.454634    7.102381    7.409113
 low-SES |     347    4.144092    .0870979    1.622454    3.972784      4.3154
---------+--------------------------------------------------------------------
combined |     695    5.702158    .0830571    2.189623    5.539085    5.865232
---------+--------------------------------------------------------------------
    diff |            3.111655     .116885                2.882164    3.341146
------------------------------------------------------------------------------
    diff = mean(high-SES) - mean(low-SES)                         t =  26.6215
Ho: diff = 0                                     degrees of freedom =      693

    Ha: diff < 0                 Ha: diff != 0                 Ha: diff > 0
 Pr(T < t) = 1.0000         Pr(|T| > |t|) = 0.0000          Pr(T > t) = 0.0000

. 
end of do-file

. do "/var/folders/k_/7gvbhq_s1mb10jgw8rq8w4t00000gn/T//SD01798.000000"

.  ttest promisc, by(vig_ses)

Two-sample t test with equal variances
------------------------------------------------------------------------------
   Group |     Obs        Mean    Std. Err.   Std. Dev.   [95% Conf. Interval]
---------+--------------------------------------------------------------------
high-SES |     348    5.135057    .1192303    2.224213    4.900552    5.369563
 low-SES |     347    5.429395    .1230204    2.291616    5.187433    5.671357
---------+--------------------------------------------------------------------
combined |     695    5.282014    .0857757    2.261291    5.113603    5.450425
---------+--------------------------------------------------------------------
    diff |           -.2943373    .1713107               -.6306876     .042013
------------------------------------------------------------------------------
    diff = mean(high-SES) - mean(low-SES)                         t =  -1.7181
Ho: diff = 0                                     degrees of freedom =      693

    Ha: diff < 0                 Ha: diff != 0                 Ha: diff > 0
 Pr(T < t) = 0.0431         Pr(|T| > |t|) = 0.0862          Pr(T > t) = 0.9569

. 
end of do-file

. do "/var/folders/k_/7gvbhq_s1mb10jgw8rq8w4t00000gn/T//SD01798.000000"

.  ttest up_likely, by(vig_ses)

Two-sample t test with equal variances
------------------------------------------------------------------------------
   Group |     Obs        Mean    Std. Err.   Std. Dev.   [95% Conf. Interval]
---------+--------------------------------------------------------------------
high-SES |     348    5.014368    .1141301    2.129069    4.789894    5.238842
 low-SES |     347    5.910663    .1099046    2.047295    5.694498    6.126828
---------+--------------------------------------------------------------------
combined |     695    5.461871    .0809766    2.134774    5.302882    5.620859
---------+--------------------------------------------------------------------
    diff |            -.896295    .1584535               -1.207402   -.5851885
------------------------------------------------------------------------------
    diff = mean(high-SES) - mean(low-SES)                         t =  -5.6565
Ho: diff = 0                                     degrees of freedom =      693

    Ha: diff < 0                 Ha: diff != 0                 Ha: diff > 0
 Pr(T < t) = 0.0000         Pr(|T| > |t|) = 0.0000          Pr(T > t) = 1.0000

. 
end of do-file

. do "/var/folders/k_/7gvbhq_s1mb10jgw8rq8w4t00000gn/T//SD01798.000000"

.  ttest up_welfare, by(vig_ses)
variable up_welfare not found
r(111);

end of do-file

r(111);

. do "/var/folders/k_/7gvbhq_s1mb10jgw8rq8w4t00000gn/T//SD01798.000000"

.  ttest up_welf, by(vig_ses)

Two-sample t test with equal variances
------------------------------------------------------------------------------
   Group |     Obs        Mean    Std. Err.   Std. Dev.   [95% Conf. Interval]
---------+--------------------------------------------------------------------
high-SES |     348    5.094828    .1305433    2.435254    4.838072    5.351583
 low-SES |     347    7.677233      .09545    1.778037    7.489498    7.864969
---------+--------------------------------------------------------------------
combined |     695    6.384173     .094534    2.492185    6.198566     6.56978
---------+--------------------------------------------------------------------
    diff |           -2.582406    .1617876               -2.900059   -2.264753
------------------------------------------------------------------------------
    diff = mean(high-SES) - mean(low-SES)                         t = -15.9617
Ho: diff = 0                                     degrees of freedom =      693

    Ha: diff < 0                 Ha: diff != 0                 Ha: diff > 0
 Pr(T < t) = 0.0000         Pr(|T| > |t|) = 0.0000          Pr(T > t) = 1.0000

. 
end of do-file

. do "/var/folders/k_/7gvbhq_s1mb10jgw8rq8w4t00000gn/T//SD01798.000000"

.  ttest up_resp_s, by(vig_ses)

Two-sample t test with equal variances
------------------------------------------------------------------------------
   Group |     Obs        Mean    Std. Err.   Std. Dev.   [95% Conf. Interval]
---------+--------------------------------------------------------------------
high-SES |     348    3.353448    .1218028    2.272201    3.113884    3.593013
 low-SES |     347    4.662824    .1345495    2.506379    4.398186    4.927462
---------+--------------------------------------------------------------------
combined |     695    4.007194    .0940121    2.478427    3.822612    4.191776
---------+--------------------------------------------------------------------
    diff |           -1.309376    .1814668               -1.665667   -.9530853
------------------------------------------------------------------------------
    diff = mean(high-SES) - mean(low-SES)                         t =  -7.2155
Ho: diff = 0                                     degrees of freedom =      693

    Ha: diff < 0                 Ha: diff != 0                 Ha: diff > 0
 Pr(T < t) = 0.0000         Pr(|T| > |t|) = 0.0000          Pr(T > t) = 1.0000

. 
end of do-file

